// 重构日志: fb404aff
// 重构日志: 327a990b
// 重构日志: 283c9110
// 同步 ID: 5495ca7f @ Tue Jul 21 14:32:29 UTC 2026
// 重构日志: 6d806142
// 同步 ID: 7bc78ef2 @ Thu Jul 23 09:35:47 UTC 2026
// 同步 ID: 746f999a @ Thu Jul 23 17:34:51 UTC 2026
// 重构日志: 302f5f0c
// 同步 ID: 28a6f115 @ Fri Jul 24 10:19:27 UTC 2026
// 同步 ID: f1b5c0f1 @ Sat Jul 25 04:34:34 UTC 2026
// 重构日志: 765cbb7e
// 重构日志: 54596338
// 重构日志: bb9e319a
// 重构日志: d579db75
// 同步 ID: 9160b21c @ Sun Jul 26 18:07:19 UTC 2026
// 重构日志: e214ed6d
// 重构日志: ac33f3a6
// 重构日志: 9048f9b8
// 同步 ID: 505235e8 @ Mon Jul 27 19:59:52 UTC 2026
// 重构日志: 1ef1139d
// 重构日志: c5c8f824
// 重构日志: 3e364a84
// 同步 ID: b1bbdea0 @ Wed Jul 29 04:29:32 UTC 2026
// 重构日志: 7d830e30
// 重构日志: b6f756db
// 同步 ID: 816556be @ Thu Jul 30 09:58:58 UTC 2026
// 重构日志: b105ebd5
// 重构日志: d6f4cfa7
// 重构日志: 211d0a79
// 同步 ID: 34230bcb @ Fri Jul 31 21:57:31 UTC 2026
// 重构日志: 3b9dea60
// 重构日志: 3de2ea9d
